Loading user config located at: '/scratch2/agustin/miniforge3/envs/env_isaaclab/lib/python3.11/site-packages/isaacsim/kit/data/Kit/Isaac-Sim/5.1/user.config.json'
[Info] [carb] Logging to file: /scratch2/agustin/miniforge3/envs/env_isaaclab/lib/python3.11/site-packages/isaacsim/kit/logs/Kit/Isaac-Sim/5.1/kit_20260908_140037.log
2026-09-08T21:00:37Z [324ms] [Warning] [carb.windowing-glfw.plugin] GLFW initialization failed.
2026-09-08T21:00:37Z [324ms] [Warning] [carb] Failed to startup plugin carb.windowing-glfw.plugin (interfaces: [carb::windowing::IGLContext v1.0],[carb::windowing::IWindowing v1.5]) (impl: carb.windowing-glfw.plugin)
2026-09-08T21:00:37Z [364ms] [Warning] [omni.platforminfo.plugin] failed to open the default display.  Can't verify X Server version.

|---------------------------------------------------------------------------------------------|
| Driver Version: 560.35.05     | Graphics API: Vulkan
|=============================================================================================|
| GPU | Name                             | Active | LDA | GPU Memory | Vendor-ID | LUID       |
|     |                                  |        |     |            | Device-ID | UUID       |
|     |                                  |        |     |            | Bus-ID    |            |
|---------------------------------------------------------------------------------------------|
| 0   | NVIDIA TITAN RTX                 | Yes: 0 |     | 24822   MB | 10de      | 0          |
|     |                                  |        |     |            | 1e02      | 61ac89bf.. |
|     |                                  |        |     |            | 41        |            |
|=============================================================================================|
| OS: 24.04.4 LTS (Noble Numbat) ubuntu, Version: 24.04.4, Kernel: 6.8.0-139-generic
| Processor: AMD Ryzen Threadripper PRO 5965WX 24-Cores
| Cores: 24 | Logical Cores: 48
|---------------------------------------------------------------------------------------------|
| Total Memory (MB): 128634 | Free Memory: 77328
| Total Page/Swap (MB): 8191 | Free Page/Swap: 13
|---------------------------------------------------------------------------------------------|
2026-09-08T21:00:39Z [1,405ms] [Warning] [gpu.foundation.plugin] IOMMU is enabled.
2026-09-08T21:00:40Z [2,531ms] [Warning] [carb.windowing-glfw.plugin] GLFW initialization failed.
2026-09-08T21:00:40Z [2,531ms] [Warning] [carb] Failed to startup plugin carb.windowing-glfw.plugin (interfaces: [carb::windowing::IGLContext v1.0],[carb::windowing::IWindowing v1.5]) (impl: carb.windowing-glfw.plugin)
2026-09-08T21:00:40Z [2,562ms] [Warning] [carb.windowing-glfw.plugin] GLFW initialization failed.
2026-09-08T21:00:40Z [2,562ms] [Warning] [carb] Failed to startup plugin carb.windowing-glfw.plugin (interfaces: [carb::windowing::IGLContext v1.0],[carb::windowing::IWindowing v1.5]) (impl: carb.windowing-glfw.plugin)
2026-09-08T21:00:40Z [2,579ms] [Warning] [carb.windowing-glfw.plugin] GLFW initialization failed.
2026-09-08T21:00:40Z [2,579ms] [Warning] [carb] Failed to startup plugin carb.windowing-glfw.plugin (interfaces: [carb::windowing::IGLContext v1.0],[carb::windowing::IWindowing v1.5]) (impl: carb.windowing-glfw.plugin)
2026-09-08T21:00:40Z [2,594ms] [Warning] [carb.windowing-glfw.plugin] GLFW initialization failed.
2026-09-08T21:00:40Z [2,594ms] [Warning] [carb] Failed to startup plugin carb.windowing-glfw.plugin (interfaces: [carb::windowing::IGLContext v1.0],[carb::windowing::IWindowing v1.5]) (impl: carb.windowing-glfw.plugin)
2026-09-08T21:00:40Z [2,596ms] [Warning] [carb.windowing-glfw.plugin] GLFW initialization failed.
2026-09-08T21:00:40Z [2,596ms] [Warning] [carb] Failed to startup plugin carb.windowing-glfw.plugin (interfaces: [carb::windowing::IGLContext v1.0],[carb::windowing::IWindowing v1.5]) (impl: carb.windowing-glfw.plugin)
2026-09-08T21:00:40Z [2,597ms] [Warning] [carb.windowing-glfw.plugin] GLFW initialization failed.
2026-09-08T21:00:40Z [2,597ms] [Warning] [carb] Failed to startup plugin carb.windowing-glfw.plugin (interfaces: [carb::windowing::IGLContext v1.0],[carb::windowing::IWindowing v1.5]) (impl: carb.windowing-glfw.plugin)
2026-09-08T21:00:40Z [2,930ms] [Warning] [omni.log] Source: omni.hydra was already registered.
2026-09-08T21:00:41Z [3,495ms] [Warning] [carb] Acquiring non optional plugin interface which is not listed as dependency: [omni::physx::IPhysxBenchmarks v1.0] (plugin: <default plugin>), by client: omni.physics.physx.plugin. Add it to CARB_PLUGIN_IMPL_DEPS() macro of a client.
2026-09-08T21:00:41Z [3,513ms] [Warning] [omni.isaac.dynamic_control] omni.isaac.dynamic_control is deprecated as of Isaac Sim 4.5. No action is needed from end-users.
2026-09-08T21:00:47Z [9,478ms] [Warning] [pxr.Semantics] pxr.Semantics is deprecated - please use Semantics instead
2026-09-08T21:00:47Z [9,748ms] [Warning] [omni.graph.core.plugin] Found duplicate of category 'Replicator' - was 'Annotators', adding 'Fabric Reader'
2026-09-08T21:00:47Z [9,748ms] [Warning] [omni.graph.core.plugin] Category 'Replicator' not accepted on node type 'omni.replicator.core.FabricReader' in extension 'omni.replicator.core'
2026-09-08T21:00:47Z [9,749ms] [Warning] [omni.replicator.core.scripts.extension] No material configuration file, adding configuration to material settings directly.
[INFO][AppLauncher]: Using device: cuda:0
[INFO][AppLauncher]: Loading experience file: /scratch2/dima/IsaacLab/apps/isaaclab.python.headless.rendering.kit
[sim] dt=0.01 decimation=1 -> control_dt=10.0 ms (100 Hz)
[env] gym.make Isaac-Drone-Warehouse-Gates-Vision-Crazyflie-Play-WithSensors-Coll-v0

[36m===================================================================================================================================================================[0m
[36m[1m[INFO][IsaacLab]: Logging to file: /scratch/agustin/xpurt-dev-sync/results/codesign_feedback/strengthen_campaign/tmp/isaaclab/logs/isaaclab_2026-09-08_14-01-02.log[0m
[36m===================================================================================================================================================================[0m

[33m14:01:02 [simulation_context.py] WARNING: The `enable_external_forces_every_iteration` parameter in the PhysxCfg is set to False. If you are experiencing noisy velocities, consider enabling this flag. You may need to slightly increase the number of velocity iterations (setting it to 1 or 2 rather than 0), together with this flag, to improve the accuracy of velocity updates.[0m
[INFO]: Base environment:
	Environment device    : cuda:0
	Environment seed      : None
	Physics step-size     : 0.01
	Rendering step-size   : 0.01
	Environment step-size : 0.01
[INFO]: Time taken for scene creation : 15.577608 seconds
[INFO]: Scene manager:  <class InteractiveScene>
	Number of environments: 1
	Environment spacing   : 40.0
	Source prim name      : /World/envs/env_0
	Global prim paths     : []
	Replicate physics     : True
[INFO]: Starting the simulation. This may take a few seconds. Please wait...
[INFO]: Time taken for simulation start : 47.300044 seconds
[INFO] Command Manager:  <CommandManager> contains 1 active terms.
+---------------------------------------+
|          Active Command Terms         |
+-------+------+------------------------+
| Index | Name |          Type          |
+-------+------+------------------------+
|   0   | goal | FixedGateCourseCommand |
+-------+------+------------------------+

[INFO] Event Manager:  <EventManager> contains 2 active terms.
+------------------------------------+
| Active Event Terms in Mode: 'reset' |
+----------+-------------------------+
|  Index   | Name                    |
+----------+-------------------------+
|    0     | reset_base              |
|    1     | reset_obstacles         |
|    2     | randomize_light         |
+----------+-------------------------+
+-------------------------------------------------+
|      Active Event Terms in Mode: 'interval'     |
+-------+---------------+-------------------------+
| Index | Name          | Interval time range (s) |
+-------+---------------+-------------------------+
|   0   | move_people   |        (0.0, 0.0)       |
|   1   | move_forklift |        (0.0, 0.0)       |
+-------+---------------+-------------------------+

[INFO] Recorder Manager:  <RecorderManager> contains 0 active terms.
+---------------------+
| Active Recorder Terms |
+-----------+---------+
|   Index   | Name    |
+-----------+---------+
+-----------+---------+

[INFO] Action Manager:  <ActionManager> contains 1 active terms.
+-----------------------------------+
|   Active Action Terms (shape: 4)  |
+--------+------------+-------------+
| Index  | Name       |   Dimension |
+--------+------------+-------------+
|   0    | velocity   |           4 |
+--------+------------+-------------+

[INFO] Observation Manager: <ObservationManager> contains 1 groups.
+---------------------------------------------------------+
| Active Observation Terms in Group: 'policy' (shape: (33,)) |
+-----------+---------------------------------+-----------+
|   Index   | Name                            |   Shape   |
+-----------+---------------------------------+-----------+
|     0     | base_lin_vel                    |    (3,)   |
|     1     | base_ang_vel                    |    (3,)   |
|     2     | projected_gravity               |    (3,)   |
|     3     | base_height                     |    (1,)   |
|     4     | goal                            |    (4,)   |
|     5     | obstacles                       |   (15,)   |
|     6     | last_action                     |    (4,)   |
+-----------+---------------------------------+-----------+

[INFO] Termination Manager:  <TerminationManager> contains 3 active terms.
+---------------------------------+
|     Active Termination Terms    |
+-------+--------------+----------+
| Index | Name         | Time Out |
+-------+--------------+----------+
|   0   | time_out     |   True   |
|   1   | crash_ground |  False   |
|   2   | collision    |  False   |
+-------+--------------+----------+

[INFO] Reward Manager:  <RewardManager> contains 5 active terms.
+---------------------------------+
|       Active Reward Terms       |
+-------+----------------+--------+
| Index | Name           | Weight |
+-------+----------------+--------+
|   0   | navigation     |    1.0 |
|   1   | gate_pass      |   20.0 |
|   2   | course_done    |    5.0 |
|   3   | collision      | -100.0 |
|   4   | success_metric |    1.0 |
+-------+----------------+--------+

[INFO] Curriculum Manager:  <CurriculumManager> contains 1 active terms.
+---------------------------+
|  Active Curriculum Terms  |
+--------+------------------+
| Index  | Name             |
+--------+------------------+
|   0    | obstacle_count   |
+--------+------------------+

[INFO]: Completed setting up the environment...
[sched] latency=4.89 ms, control_dt=10.0 ms -> refresh every 1 step(s) (100 Hz effective command rate)
[percep] latency=0.0 ms -> delay 0 step(s) (act on perception 0.0 ms old)
[nav] FusedSensorNet out_dim=2 vision=cnn loaded: /scratch/agustin/projects/DIMA/XPU-RT/sims/models/warehouse/nav_fused_v12_cnn.pt
[ctrl] actor arch inferred from ckpt: [16, 256, 128, 64, 4]
[ctrl] RL/MLP controller loaded: /scratch/agustin/projects/DIMA/XPU-RT/sims/models/warehouse/rl_controller_velctrl_dr4.pt (moment_scale=0.005)
[yolo] warehouse detector loaded: /scratch/agustin/projects/DIMA/XPU-RT/sims/models/warehouse/yolov8n_gate_person_128x192.pt
[demo] hid 132 roof prims for the overhead view
[demo] overhead K fx=849.3 cx=640.0  pos=[         -8        13.5          13]  quat=[          0       0.707       0.707          -0]
[demo] FIXED iso cam eye=[        -13        -0.5          13] -> center=[         -8        13.5           2] (offset (-5.0, -14.0, 11.0))
[gantt] embedded XPU-RT schedule: /scratch2/agustin/XPU-RT/schedules/scheduled_networks_k1_live_stack_cpsat_profiled.json (333 dispatches, makespan 90.0 ms)
[ep00] seed=1006 outcome=success   gates=4/4 steps=1056 crash_type=-
[ep01] seed=1007 outcome=success   gates=4/4 steps=1085 crash_type=-
[ep02] seed=1008 outcome=success   gates=4/4 steps=991 crash_type=-
[term] ep03 seed=1009 terms=collision -> crash/clip
[ep03] seed=1009 outcome=crash     gates=1/4 steps=1173 crash_type=clip
[term] ep04 seed=1010 terms=collision -> crash/clip
[ep04] seed=1010 outcome=crash     gates=1/4 steps=332 crash_type=clip
[term] ep05 seed=1011 terms=collision -> crash/clip
[ep05] seed=1011 outcome=crash     gates=1/4 steps=239 crash_type=clip
[ep06] seed=1012 outcome=success   gates=4/4 steps=991 crash_type=-
[term] ep07 seed=1013 terms=collision -> crash/clip
[ep07] seed=1013 outcome=crash     gates=1/4 steps=999 crash_type=clip
[term] ep08 seed=1014 terms=collision -> crash/clip
[ep08] seed=1014 outcome=crash     gates=2/4 steps=677 crash_type=clip
[term] ep09 seed=1015 terms=collision -> crash/clip
[ep09] seed=1015 outcome=crash     gates=2/4 steps=956 crash_type=clip
[ep10] seed=1016 outcome=success   gates=4/4 steps=1008 crash_type=-
[term] ep11 seed=1017 terms=collision -> crash/clip
[ep11] seed=1017 outcome=crash     gates=3/4 steps=964 crash_type=clip
[SWEEP] ms=0.005 cruise=1.4 walk=0.0 hold=0.0 SUCCESS 5/12 clip=7 ground=0  s1006:succ(4/4,1056,-) s1007:succ(4/4,1085,-) s1008:succ(4/4,991,-) s1009:cras(1/4,1173,clip) s1010:cras(1/4,332,clip) s1011:cras(1/4,239,clip) s1012:succ(4/4,991,-) s1013:cras(1/4,999,clip) s1014:cras(2/4,677,clip) s1015:cras(2/4,956,clip) s1016:succ(4/4,1008,-) s1017:cras(3/4,964,clip)
[SWEEP-CSV] appended 12 rows -> /scratch/agustin/xpurt-dev-sync/results/codesign_feedback/crash_verify/new_xpu.csv
[out] wrote out/v12_crowded_sensor_demo.mp4
