Loading user config located at: '/scratch2/agustin/miniforge3/envs/env_isaaclab/lib/python3.11/site-packages/isaacsim/kit/data/Kit/Isaac-Sim/5.1/user.config.json'
[Info] [carb] Logging to file: /scratch2/agustin/miniforge3/envs/env_isaaclab/lib/python3.11/site-packages/isaacsim/kit/logs/Kit/Isaac-Sim/5.1/kit_20260906_223631.log
2026-09-07T05:36:31Z [186ms] [Warning] [carb.windowing-glfw.plugin] GLFW initialization failed.
2026-09-07T05:36:31Z [186ms] [Warning] [carb] Failed to startup plugin carb.windowing-glfw.plugin (interfaces: [carb::windowing::IGLContext v1.0],[carb::windowing::IWindowing v1.5]) (impl: carb.windowing-glfw.plugin)
2026-09-07T05:36:31Z [212ms] [Warning] [omni.platforminfo.plugin] failed to open the default display.  Can't verify X Server version.

|---------------------------------------------------------------------------------------------|
| Driver Version: 560.35.05     | Graphics API: Vulkan
|=============================================================================================|
| GPU | Name                             | Active | LDA | GPU Memory | Vendor-ID | LUID       |
|     |                                  |        |     |            | Device-ID | UUID       |
|     |                                  |        |     |            | Bus-ID    |            |
|---------------------------------------------------------------------------------------------|
| 0   | NVIDIA TITAN RTX                 | Yes: 0 |     | 24822   MB | 10de      | 0          |
|     |                                  |        |     |            | 1e02      | 61ac89bf.. |
|     |                                  |        |     |            | 41        |            |
|=============================================================================================|
| OS: 24.04.4 LTS (Noble Numbat) ubuntu, Version: 24.04.4, Kernel: 6.8.0-139-generic
| Processor: AMD Ryzen Threadripper PRO 5965WX 24-Cores
| Cores: 24 | Logical Cores: 48
|---------------------------------------------------------------------------------------------|
| Total Memory (MB): 128634 | Free Memory: 105292
| Total Page/Swap (MB): 8191 | Free Page/Swap: 81
|---------------------------------------------------------------------------------------------|
2026-09-07T05:36:32Z [926ms] [Warning] [gpu.foundation.plugin] IOMMU is enabled.
2026-09-07T05:36:32Z [1,547ms] [Warning] [carb.windowing-glfw.plugin] GLFW initialization failed.
2026-09-07T05:36:32Z [1,547ms] [Warning] [carb] Failed to startup plugin carb.windowing-glfw.plugin (interfaces: [carb::windowing::IGLContext v1.0],[carb::windowing::IWindowing v1.5]) (impl: carb.windowing-glfw.plugin)
2026-09-07T05:36:32Z [1,562ms] [Warning] [carb.windowing-glfw.plugin] GLFW initialization failed.
2026-09-07T05:36:32Z [1,562ms] [Warning] [carb] Failed to startup plugin carb.windowing-glfw.plugin (interfaces: [carb::windowing::IGLContext v1.0],[carb::windowing::IWindowing v1.5]) (impl: carb.windowing-glfw.plugin)
2026-09-07T05:36:32Z [1,568ms] [Warning] [carb.windowing-glfw.plugin] GLFW initialization failed.
2026-09-07T05:36:32Z [1,568ms] [Warning] [carb] Failed to startup plugin carb.windowing-glfw.plugin (interfaces: [carb::windowing::IGLContext v1.0],[carb::windowing::IWindowing v1.5]) (impl: carb.windowing-glfw.plugin)
2026-09-07T05:36:32Z [1,578ms] [Warning] [carb.windowing-glfw.plugin] GLFW initialization failed.
2026-09-07T05:36:32Z [1,578ms] [Warning] [carb] Failed to startup plugin carb.windowing-glfw.plugin (interfaces: [carb::windowing::IGLContext v1.0],[carb::windowing::IWindowing v1.5]) (impl: carb.windowing-glfw.plugin)
2026-09-07T05:36:32Z [1,579ms] [Warning] [carb.windowing-glfw.plugin] GLFW initialization failed.
2026-09-07T05:36:32Z [1,579ms] [Warning] [carb] Failed to startup plugin carb.windowing-glfw.plugin (interfaces: [carb::windowing::IGLContext v1.0],[carb::windowing::IWindowing v1.5]) (impl: carb.windowing-glfw.plugin)
2026-09-07T05:36:32Z [1,580ms] [Warning] [carb.windowing-glfw.plugin] GLFW initialization failed.
2026-09-07T05:36:32Z [1,580ms] [Warning] [carb] Failed to startup plugin carb.windowing-glfw.plugin (interfaces: [carb::windowing::IGLContext v1.0],[carb::windowing::IWindowing v1.5]) (impl: carb.windowing-glfw.plugin)
2026-09-07T05:36:32Z [1,750ms] [Warning] [omni.log] Source: omni.hydra was already registered.
2026-09-07T05:36:33Z [2,012ms] [Warning] [carb] Acquiring non optional plugin interface which is not listed as dependency: [omni::physx::IPhysxBenchmarks v1.0] (plugin: <default plugin>), by client: omni.physics.physx.plugin. Add it to CARB_PLUGIN_IMPL_DEPS() macro of a client.
2026-09-07T05:36:33Z [2,021ms] [Warning] [omni.isaac.dynamic_control] omni.isaac.dynamic_control is deprecated as of Isaac Sim 4.5. No action is needed from end-users.
2026-09-07T05:36:36Z [5,234ms] [Warning] [pxr.Semantics] pxr.Semantics is deprecated - please use Semantics instead
2026-09-07T05:36:36Z [5,351ms] [Warning] [omni.graph.core.plugin] Found duplicate of category 'Replicator' - was 'Annotators', adding 'Fabric Reader'
2026-09-07T05:36:36Z [5,351ms] [Warning] [omni.graph.core.plugin] Category 'Replicator' not accepted on node type 'omni.replicator.core.FabricReader' in extension 'omni.replicator.core'
2026-09-07T05:36:36Z [5,351ms] [Warning] [omni.replicator.core.scripts.extension] No material configuration file, adding configuration to material settings directly.
[INFO][AppLauncher]: Using device: cuda:0
[INFO][AppLauncher]: Loading experience file: /scratch2/dima/IsaacLab/apps/isaaclab.python.headless.rendering.kit
[sim] dt=0.01 decimation=1 -> control_dt=10.0 ms (100 Hz)
[env] gym.make Isaac-Drone-Warehouse-Gates-Vision-Crazyflie-Play-WithSensors-Coll-v0

[36m======================================================================================================[0m
[36m[1m[INFO][IsaacLab]: Logging to file: /scratch/agustin/tmp/isaaclab/logs/isaaclab_2026-09-06_22-36-44.log[0m
[36m======================================================================================================[0m

[33m22:36:44 [simulation_context.py] WARNING: The `enable_external_forces_every_iteration` parameter in the PhysxCfg is set to False. If you are experiencing noisy velocities, consider enabling this flag. You may need to slightly increase the number of velocity iterations (setting it to 1 or 2 rather than 0), together with this flag, to improve the accuracy of velocity updates.[0m
[INFO]: Base environment:
	Environment device    : cuda:0
	Environment seed      : None
	Physics step-size     : 0.01
	Rendering step-size   : 0.01
	Environment step-size : 0.01
[INFO]: Time taken for scene creation : 13.102558 seconds
[INFO]: Scene manager:  <class InteractiveScene>
	Number of environments: 1
	Environment spacing   : 40.0
	Source prim name      : /World/envs/env_0
	Global prim paths     : []
	Replicate physics     : True
[INFO]: Starting the simulation. This may take a few seconds. Please wait...
[INFO]: Time taken for simulation start : 24.914430 seconds
[INFO] Command Manager:  <CommandManager> contains 1 active terms.
+---------------------------------------+
|          Active Command Terms         |
+-------+------+------------------------+
| Index | Name |          Type          |
+-------+------+------------------------+
|   0   | goal | FixedGateCourseCommand |
+-------+------+------------------------+

[INFO] Event Manager:  <EventManager> contains 2 active terms.
+------------------------------------+
| Active Event Terms in Mode: 'reset' |
+----------+-------------------------+
|  Index   | Name                    |
+----------+-------------------------+
|    0     | reset_base              |
|    1     | reset_obstacles         |
|    2     | randomize_light         |
+----------+-------------------------+
+-------------------------------------------------+
|      Active Event Terms in Mode: 'interval'     |
+-------+---------------+-------------------------+
| Index | Name          | Interval time range (s) |
+-------+---------------+-------------------------+
|   0   | move_people   |        (0.0, 0.0)       |
|   1   | move_forklift |        (0.0, 0.0)       |
+-------+---------------+-------------------------+

[INFO] Recorder Manager:  <RecorderManager> contains 0 active terms.
+---------------------+
| Active Recorder Terms |
+-----------+---------+
|   Index   | Name    |
+-----------+---------+
+-----------+---------+

[INFO] Action Manager:  <ActionManager> contains 1 active terms.
+-----------------------------------+
|   Active Action Terms (shape: 4)  |
+--------+------------+-------------+
| Index  | Name       |   Dimension |
+--------+------------+-------------+
|   0    | velocity   |           4 |
+--------+------------+-------------+

[INFO] Observation Manager: <ObservationManager> contains 1 groups.
+---------------------------------------------------------+
| Active Observation Terms in Group: 'policy' (shape: (33,)) |
+-----------+---------------------------------+-----------+
|   Index   | Name                            |   Shape   |
+-----------+---------------------------------+-----------+
|     0     | base_lin_vel                    |    (3,)   |
|     1     | base_ang_vel                    |    (3,)   |
|     2     | projected_gravity               |    (3,)   |
|     3     | base_height                     |    (1,)   |
|     4     | goal                            |    (4,)   |
|     5     | obstacles                       |   (15,)   |
|     6     | last_action                     |    (4,)   |
+-----------+---------------------------------+-----------+

[INFO] Termination Manager:  <TerminationManager> contains 3 active terms.
+---------------------------------+
|     Active Termination Terms    |
+-------+--------------+----------+
| Index | Name         | Time Out |
+-------+--------------+----------+
|   0   | time_out     |   True   |
|   1   | crash_ground |  False   |
|   2   | collision    |  False   |
+-------+--------------+----------+

[INFO] Reward Manager:  <RewardManager> contains 5 active terms.
+---------------------------------+
|       Active Reward Terms       |
+-------+----------------+--------+
| Index | Name           | Weight |
+-------+----------------+--------+
|   0   | navigation     |    1.0 |
|   1   | gate_pass      |   20.0 |
|   2   | course_done    |    5.0 |
|   3   | collision      | -100.0 |
|   4   | success_metric |    1.0 |
+-------+----------------+--------+

[INFO] Curriculum Manager:  <CurriculumManager> contains 1 active terms.
+---------------------------+
|  Active Curriculum Terms  |
+--------+------------------+
| Index  | Name             |
+--------+------------------+
|   0    | obstacle_count   |
+--------+------------------+

[INFO]: Completed setting up the environment...
[sched] latency=12.4 ms, control_dt=10.0 ms -> refresh every 2 step(s) (50 Hz effective command rate)
[percep] latency=0.0 ms -> delay 0 step(s) (act on perception 0.0 ms old)
[nav] FusedSensorNet out_dim=2 vision=cnn loaded: sims/models/warehouse/nav_fused_v12_cnn.pt
[ctrl] actor arch inferred from ckpt: [16, 256, 128, 64, 4]
[ctrl] RL/MLP controller loaded: /scratch/agustin/projects/DIMA/XPU-RT/sims/models/warehouse/rl_controller_velctrl_dr4.pt (moment_scale=0.01)
[yolo] warehouse detector loaded: /scratch/agustin/projects/DIMA/XPU-RT/sims/models/warehouse/yolov8n_gate_person_128x192.pt
[demo] hid 132 roof prims for the overhead view
[demo] overhead K fx=849.3 cx=640.0  pos=[         -8        13.5          13]  quat=[          0       0.707       0.707          -0]
[demo] FIXED iso cam eye=[        -13        -0.5          13] -> center=[         -8        13.5           2] (offset (-5.0, -14.0, 11.0))
[ep00] seed=1000 outcome=crash     gates=3/4 steps=905
[ep01] seed=1001 outcome=crash     gates=1/4 steps=870
[ep02] seed=1002 outcome=crash     gates=1/4 steps=468
[ep03] seed=1003 outcome=crash     gates=1/4 steps=907
[SWEEP] ms=0.01 cruise=1.4 lat=12.4 SUCCESS 0/4  s1000:cras(3/4,905) s1001:cras(1/4,870) s1002:cras(1/4,468) s1003:cras(1/4,907)
[out] wrote out/v12_crowded_sensor_demo.mp4
[figure] wrote /scratch/agustin/xpurt-dev-sync/results/codesign_feedback/crash_verify/crash_figdata/figure_data.npz + 91 frame files  (T=905 steps, M=113 obstacles, 91 dense moments)
