Loading user config located at: '/scratch2/agustin/miniforge3/envs/env_isaaclab/lib/python3.11/site-packages/isaacsim/kit/data/Kit/Isaac-Sim/5.1/user.config.json'
[Info] [carb] Logging to file: /scratch2/agustin/miniforge3/envs/env_isaaclab/lib/python3.11/site-packages/isaacsim/kit/logs/Kit/Isaac-Sim/5.1/kit_20260908_214551.log
2026-09-09T04:45:51Z [195ms] [Warning] [carb.windowing-glfw.plugin] GLFW initialization failed.
2026-09-09T04:45:51Z [195ms] [Warning] [carb] Failed to startup plugin carb.windowing-glfw.plugin (interfaces: [carb::windowing::IGLContext v1.0],[carb::windowing::IWindowing v1.5]) (impl: carb.windowing-glfw.plugin)
2026-09-09T04:45:51Z [221ms] [Warning] [omni.platforminfo.plugin] failed to open the default display.  Can't verify X Server version.

|---------------------------------------------------------------------------------------------|
| Driver Version: 560.35.05     | Graphics API: Vulkan
|=============================================================================================|
| GPU | Name                             | Active | LDA | GPU Memory | Vendor-ID | LUID       |
|     |                                  |        |     |            | Device-ID | UUID       |
|     |                                  |        |     |            | Bus-ID    |            |
|---------------------------------------------------------------------------------------------|
| 0   | NVIDIA TITAN RTX                 | Yes: 0 |     | 24822   MB | 10de      | 0          |
|     |                                  |        |     |            | 1e02      | 61ac89bf.. |
|     |                                  |        |     |            | 41        |            |
|=============================================================================================|
| OS: 24.04.4 LTS (Noble Numbat) ubuntu, Version: 24.04.4, Kernel: 6.8.0-139-generic
| Processor: AMD Ryzen Threadripper PRO 5965WX 24-Cores
| Cores: 24 | Logical Cores: 48
|---------------------------------------------------------------------------------------------|
| Total Memory (MB): 128634 | Free Memory: 71018
| Total Page/Swap (MB): 8191 | Free Page/Swap: 0
|---------------------------------------------------------------------------------------------|
2026-09-09T04:45:52Z [965ms] [Warning] [gpu.foundation.plugin] IOMMU is enabled.
2026-09-09T04:45:53Z [1,660ms] [Warning] [carb.windowing-glfw.plugin] GLFW initialization failed.
2026-09-09T04:45:53Z [1,660ms] [Warning] [carb] Failed to startup plugin carb.windowing-glfw.plugin (interfaces: [carb::windowing::IGLContext v1.0],[carb::windowing::IWindowing v1.5]) (impl: carb.windowing-glfw.plugin)
2026-09-09T04:45:53Z [1,676ms] [Warning] [carb.windowing-glfw.plugin] GLFW initialization failed.
2026-09-09T04:45:53Z [1,676ms] [Warning] [carb] Failed to startup plugin carb.windowing-glfw.plugin (interfaces: [carb::windowing::IGLContext v1.0],[carb::windowing::IWindowing v1.5]) (impl: carb.windowing-glfw.plugin)
2026-09-09T04:45:53Z [1,683ms] [Warning] [carb.windowing-glfw.plugin] GLFW initialization failed.
2026-09-09T04:45:53Z [1,683ms] [Warning] [carb] Failed to startup plugin carb.windowing-glfw.plugin (interfaces: [carb::windowing::IGLContext v1.0],[carb::windowing::IWindowing v1.5]) (impl: carb.windowing-glfw.plugin)
2026-09-09T04:45:53Z [1,694ms] [Warning] [carb.windowing-glfw.plugin] GLFW initialization failed.
2026-09-09T04:45:53Z [1,694ms] [Warning] [carb] Failed to startup plugin carb.windowing-glfw.plugin (interfaces: [carb::windowing::IGLContext v1.0],[carb::windowing::IWindowing v1.5]) (impl: carb.windowing-glfw.plugin)
2026-09-09T04:45:53Z [1,695ms] [Warning] [carb.windowing-glfw.plugin] GLFW initialization failed.
2026-09-09T04:45:53Z [1,695ms] [Warning] [carb] Failed to startup plugin carb.windowing-glfw.plugin (interfaces: [carb::windowing::IGLContext v1.0],[carb::windowing::IWindowing v1.5]) (impl: carb.windowing-glfw.plugin)
2026-09-09T04:45:53Z [1,696ms] [Warning] [carb.windowing-glfw.plugin] GLFW initialization failed.
2026-09-09T04:45:53Z [1,696ms] [Warning] [carb] Failed to startup plugin carb.windowing-glfw.plugin (interfaces: [carb::windowing::IGLContext v1.0],[carb::windowing::IWindowing v1.5]) (impl: carb.windowing-glfw.plugin)
2026-09-09T04:45:53Z [1,899ms] [Warning] [omni.log] Source: omni.hydra was already registered.
2026-09-09T04:45:53Z [2,201ms] [Warning] [carb] Acquiring non optional plugin interface which is not listed as dependency: [omni::physx::IPhysxBenchmarks v1.0] (plugin: <default plugin>), by client: omni.physics.physx.plugin. Add it to CARB_PLUGIN_IMPL_DEPS() macro of a client.
2026-09-09T04:45:53Z [2,211ms] [Warning] [omni.isaac.dynamic_control] omni.isaac.dynamic_control is deprecated as of Isaac Sim 4.5. No action is needed from end-users.
2026-09-09T04:45:57Z [5,701ms] [Warning] [pxr.Semantics] pxr.Semantics is deprecated - please use Semantics instead
2026-09-09T04:45:57Z [5,817ms] [Warning] [omni.graph.core.plugin] Found duplicate of category 'Replicator' - was 'Annotators', adding 'Fabric Reader'
2026-09-09T04:45:57Z [5,817ms] [Warning] [omni.graph.core.plugin] Category 'Replicator' not accepted on node type 'omni.replicator.core.FabricReader' in extension 'omni.replicator.core'
2026-09-09T04:45:57Z [5,818ms] [Warning] [omni.replicator.core.scripts.extension] No material configuration file, adding configuration to material settings directly.
[INFO][AppLauncher]: Using device: cuda:0
[INFO][AppLauncher]: Loading experience file: /scratch2/dima/IsaacLab/apps/isaaclab.python.headless.rendering.kit
[sim] dt=0.01 decimation=1 -> control_dt=10.0 ms (100 Hz)
[env] gym.make Isaac-Drone-Warehouse-Gates-Vision-Crazyflie-Play-WithSensors-Coll-v0

[36m===========================================================================================================================================================[0m
[36m[1m[INFO][IsaacLab]: Logging to file: /scratch/agustin/xpurt-dev-sync/results/codesign_feedback/energy_runs/tmp/isaaclab/logs/isaaclab_2026-09-08_21-46-06.log[0m
[36m===========================================================================================================================================================[0m

[33m21:46:06 [simulation_context.py] WARNING: The `enable_external_forces_every_iteration` parameter in the PhysxCfg is set to False. If you are experiencing noisy velocities, consider enabling this flag. You may need to slightly increase the number of velocity iterations (setting it to 1 or 2 rather than 0), together with this flag, to improve the accuracy of velocity updates.[0m
[INFO]: Base environment:
	Environment device    : cuda:0
	Environment seed      : None
	Physics step-size     : 0.01
	Rendering step-size   : 0.01
	Environment step-size : 0.01
[INFO]: Time taken for scene creation : 14.042935 seconds
[INFO]: Scene manager:  <class InteractiveScene>
	Number of environments: 1
	Environment spacing   : 40.0
	Source prim name      : /World/envs/env_0
	Global prim paths     : []
	Replicate physics     : True
[INFO]: Starting the simulation. This may take a few seconds. Please wait...
[INFO]: Time taken for simulation start : 42.730802 seconds
[INFO] Command Manager:  <CommandManager> contains 1 active terms.
+---------------------------------------+
|          Active Command Terms         |
+-------+------+------------------------+
| Index | Name |          Type          |
+-------+------+------------------------+
|   0   | goal | FixedGateCourseCommand |
+-------+------+------------------------+

[INFO] Event Manager:  <EventManager> contains 2 active terms.
+------------------------------------+
| Active Event Terms in Mode: 'reset' |
+----------+-------------------------+
|  Index   | Name                    |
+----------+-------------------------+
|    0     | reset_base              |
|    1     | reset_obstacles         |
|    2     | randomize_light         |
+----------+-------------------------+
+-------------------------------------------------+
|      Active Event Terms in Mode: 'interval'     |
+-------+---------------+-------------------------+
| Index | Name          | Interval time range (s) |
+-------+---------------+-------------------------+
|   0   | move_people   |        (0.0, 0.0)       |
|   1   | move_forklift |        (0.0, 0.0)       |
+-------+---------------+-------------------------+

[INFO] Recorder Manager:  <RecorderManager> contains 0 active terms.
+---------------------+
| Active Recorder Terms |
+-----------+---------+
|   Index   | Name    |
+-----------+---------+
+-----------+---------+

[INFO] Action Manager:  <ActionManager> contains 1 active terms.
+-----------------------------------+
|   Active Action Terms (shape: 4)  |
+--------+------------+-------------+
| Index  | Name       |   Dimension |
+--------+------------+-------------+
|   0    | velocity   |           4 |
+--------+------------+-------------+

[INFO] Observation Manager: <ObservationManager> contains 1 groups.
+---------------------------------------------------------+
| Active Observation Terms in Group: 'policy' (shape: (33,)) |
+-----------+---------------------------------+-----------+
|   Index   | Name                            |   Shape   |
+-----------+---------------------------------+-----------+
|     0     | base_lin_vel                    |    (3,)   |
|     1     | base_ang_vel                    |    (3,)   |
|     2     | projected_gravity               |    (3,)   |
|     3     | base_height                     |    (1,)   |
|     4     | goal                            |    (4,)   |
|     5     | obstacles                       |   (15,)   |
|     6     | last_action                     |    (4,)   |
+-----------+---------------------------------+-----------+

[INFO] Termination Manager:  <TerminationManager> contains 3 active terms.
+---------------------------------+
|     Active Termination Terms    |
+-------+--------------+----------+
| Index | Name         | Time Out |
+-------+--------------+----------+
|   0   | time_out     |   True   |
|   1   | crash_ground |  False   |
|   2   | collision    |  False   |
+-------+--------------+----------+

[INFO] Reward Manager:  <RewardManager> contains 5 active terms.
+---------------------------------+
|       Active Reward Terms       |
+-------+----------------+--------+
| Index | Name           | Weight |
+-------+----------------+--------+
|   0   | navigation     |    1.0 |
|   1   | gate_pass      |   20.0 |
|   2   | course_done    |    5.0 |
|   3   | collision      | -100.0 |
|   4   | success_metric |    1.0 |
+-------+----------------+--------+

[INFO] Curriculum Manager:  <CurriculumManager> contains 1 active terms.
+---------------------------+
|  Active Curriculum Terms  |
+--------+------------------+
| Index  | Name             |
+--------+------------------+
|   0    | obstacle_count   |
+--------+------------------+

[INFO]: Completed setting up the environment...
[sched] latency=4.89 ms, control_dt=10.0 ms -> refresh every 1 step(s) (100 Hz effective command rate)
[percep] latency=0.0 ms -> delay 0 step(s) (act on perception 0.0 ms old)
[nav] FusedSensorNet out_dim=2 vision=cnn loaded: /scratch/agustin/projects/DIMA/XPU-RT/sims/models/warehouse/nav_fused_v12_cnn.pt
[ctrl] actor arch inferred from ckpt: [16, 256, 128, 64, 4]
[ctrl] RL/MLP controller loaded: /scratch/agustin/projects/DIMA/XPU-RT/sims/models/warehouse/rl_controller_velctrl_dr4.pt (moment_scale=0.005)
[yolo] warehouse detector loaded: /scratch/agustin/projects/DIMA/XPU-RT/sims/models/warehouse/yolov8n_gate_person_128x192.pt
[demo] hid 132 roof prims for the overhead view
[demo] overhead K fx=849.3 cx=640.0  pos=[         -8        13.5          13]  quat=[          0       0.707       0.707          -0]
[demo] FIXED iso cam eye=[        -13        -0.5          13] -> center=[         -8        13.5           2] (offset (-5.0, -14.0, 11.0))
[gantt] embedded XPU-RT schedule: /scratch2/agustin/XPU-RT/schedules/scheduled_networks_k1_live_stack_cpsat_profiled.json (333 dispatches, makespan 90.0 ms)
[term] ep00 seed=1000 terms=collision -> crash/clip
[ep00] seed=1000 outcome=crash     gates=3/4 steps=814 crash_type=clip
[SWEEP] ms=0.005 cruise=1.4 walk=0.0 hold=0.0 SUCCESS 0/1 clip=1 ground=0  s1000:cras(3/4,814,clip)
[out] wrote out/v12_crowded_sensor_demo.mp4
[figure] wrote /scratch/agustin/xpurt-dev-sync/results/codesign_feedback/energy_runs/xpu100_s1000/figure_data.npz + 82 frame files  (T=814 steps, M=113 obstacles, 82 dense moments)
Loading user config located at: '/scratch2/agustin/miniforge3/envs/env_isaaclab/lib/python3.11/site-packages/isaacsim/kit/data/Kit/Isaac-Sim/5.1/user.config.json'
[Info] [carb] Logging to file: /scratch2/agustin/miniforge3/envs/env_isaaclab/lib/python3.11/site-packages/isaacsim/kit/logs/Kit/Isaac-Sim/5.1/kit_20260908_214829.log
2026-09-09T04:48:29Z [317ms] [Warning] [carb.windowing-glfw.plugin] GLFW initialization failed.
2026-09-09T04:48:29Z [317ms] [Warning] [carb] Failed to startup plugin carb.windowing-glfw.plugin (interfaces: [carb::windowing::IGLContext v1.0],[carb::windowing::IWindowing v1.5]) (impl: carb.windowing-glfw.plugin)
2026-09-09T04:48:29Z [350ms] [Warning] [omni.platforminfo.plugin] failed to open the default display.  Can't verify X Server version.

|---------------------------------------------------------------------------------------------|
| Driver Version: 560.35.05     | Graphics API: Vulkan
|=============================================================================================|
| GPU | Name                             | Active | LDA | GPU Memory | Vendor-ID | LUID       |
|     |                                  |        |     |            | Device-ID | UUID       |
|     |                                  |        |     |            | Bus-ID    |            |
|---------------------------------------------------------------------------------------------|
| 0   | NVIDIA TITAN RTX                 | Yes: 0 |     | 24822   MB | 10de      | 0          |
|     |                                  |        |     |            | 1e02      | 61ac89bf.. |
|     |                                  |        |     |            | 41        |            |
|=============================================================================================|
| OS: 24.04.4 LTS (Noble Numbat) ubuntu, Version: 24.04.4, Kernel: 6.8.0-139-generic
| Processor: AMD Ryzen Threadripper PRO 5965WX 24-Cores
| Cores: 24 | Logical Cores: 48
|---------------------------------------------------------------------------------------------|
| Total Memory (MB): 128634 | Free Memory: 54553
| Total Page/Swap (MB): 8191 | Free Page/Swap: 1
|---------------------------------------------------------------------------------------------|
2026-09-09T04:48:30Z [1,338ms] [Warning] [gpu.foundation.plugin] IOMMU is enabled.
2026-09-09T04:48:31Z [2,429ms] [Warning] [carb.windowing-glfw.plugin] GLFW initialization failed.
2026-09-09T04:48:31Z [2,429ms] [Warning] [carb] Failed to startup plugin carb.windowing-glfw.plugin (interfaces: [carb::windowing::IGLContext v1.0],[carb::windowing::IWindowing v1.5]) (impl: carb.windowing-glfw.plugin)
2026-09-09T04:48:31Z [2,451ms] [Warning] [carb.windowing-glfw.plugin] GLFW initialization failed.
2026-09-09T04:48:31Z [2,451ms] [Warning] [carb] Failed to startup plugin carb.windowing-glfw.plugin (interfaces: [carb::windowing::IGLContext v1.0],[carb::windowing::IWindowing v1.5]) (impl: carb.windowing-glfw.plugin)
2026-09-09T04:48:31Z [2,461ms] [Warning] [carb.windowing-glfw.plugin] GLFW initialization failed.
2026-09-09T04:48:31Z [2,461ms] [Warning] [carb] Failed to startup plugin carb.windowing-glfw.plugin (interfaces: [carb::windowing::IGLContext v1.0],[carb::windowing::IWindowing v1.5]) (impl: carb.windowing-glfw.plugin)
2026-09-09T04:48:31Z [2,486ms] [Warning] [carb.windowing-glfw.plugin] GLFW initialization failed.
2026-09-09T04:48:31Z [2,486ms] [Warning] [carb] Failed to startup plugin carb.windowing-glfw.plugin (interfaces: [carb::windowing::IGLContext v1.0],[carb::windowing::IWindowing v1.5]) (impl: carb.windowing-glfw.plugin)
2026-09-09T04:48:31Z [2,487ms] [Warning] [carb.windowing-glfw.plugin] GLFW initialization failed.
2026-09-09T04:48:31Z [2,487ms] [Warning] [carb] Failed to startup plugin carb.windowing-glfw.plugin (interfaces: [carb::windowing::IGLContext v1.0],[carb::windowing::IWindowing v1.5]) (impl: carb.windowing-glfw.plugin)
2026-09-09T04:48:31Z [2,488ms] [Warning] [carb.windowing-glfw.plugin] GLFW initialization failed.
2026-09-09T04:48:31Z [2,488ms] [Warning] [carb] Failed to startup plugin carb.windowing-glfw.plugin (interfaces: [carb::windowing::IGLContext v1.0],[carb::windowing::IWindowing v1.5]) (impl: carb.windowing-glfw.plugin)
2026-09-09T04:48:32Z [2,860ms] [Warning] [omni.log] Source: omni.hydra was already registered.
2026-09-09T04:48:32Z [3,445ms] [Warning] [carb] Acquiring non optional plugin interface which is not listed as dependency: [omni::physx::IPhysxBenchmarks v1.0] (plugin: <default plugin>), by client: omni.physics.physx.plugin. Add it to CARB_PLUGIN_IMPL_DEPS() macro of a client.
2026-09-09T04:48:32Z [3,459ms] [Warning] [omni.isaac.dynamic_control] omni.isaac.dynamic_control is deprecated as of Isaac Sim 4.5. No action is needed from end-users.
2026-09-09T04:48:38Z [9,375ms] [Warning] [pxr.Semantics] pxr.Semantics is deprecated - please use Semantics instead
2026-09-09T04:48:39Z [9,659ms] [Warning] [omni.graph.core.plugin] Found duplicate of category 'Replicator' - was 'Annotators', adding 'Fabric Reader'
2026-09-09T04:48:39Z [9,660ms] [Warning] [omni.graph.core.plugin] Category 'Replicator' not accepted on node type 'omni.replicator.core.FabricReader' in extension 'omni.replicator.core'
2026-09-09T04:48:39Z [9,661ms] [Warning] [omni.replicator.core.scripts.extension] No material configuration file, adding configuration to material settings directly.
[INFO][AppLauncher]: Using device: cuda:0
[INFO][AppLauncher]: Loading experience file: /scratch2/dima/IsaacLab/apps/isaaclab.python.headless.rendering.kit
[sim] dt=0.01 decimation=1 -> control_dt=10.0 ms (100 Hz)
[env] gym.make Isaac-Drone-Warehouse-Gates-Vision-Crazyflie-Play-WithSensors-Coll-v0

[36m===========================================================================================================================================================[0m
[36m[1m[INFO][IsaacLab]: Logging to file: /scratch/agustin/xpurt-dev-sync/results/codesign_feedback/energy_runs/tmp/isaaclab/logs/isaaclab_2026-09-08_21-48-52.log[0m
[36m===========================================================================================================================================================[0m

[33m21:48:52 [simulation_context.py] WARNING: The `enable_external_forces_every_iteration` parameter in the PhysxCfg is set to False. If you are experiencing noisy velocities, consider enabling this flag. You may need to slightly increase the number of velocity iterations (setting it to 1 or 2 rather than 0), together with this flag, to improve the accuracy of velocity updates.[0m
[INFO]: Base environment:
	Environment device    : cuda:0
	Environment seed      : None
	Physics step-size     : 0.01
	Rendering step-size   : 0.01
	Environment step-size : 0.01
[INFO]: Time taken for scene creation : 15.078117 seconds
[INFO]: Scene manager:  <class InteractiveScene>
	Number of environments: 1
	Environment spacing   : 40.0
	Source prim name      : /World/envs/env_0
	Global prim paths     : []
	Replicate physics     : True
[INFO]: Starting the simulation. This may take a few seconds. Please wait...
[INFO]: Time taken for simulation start : 36.894353 seconds
[INFO] Command Manager:  <CommandManager> contains 1 active terms.
+---------------------------------------+
|          Active Command Terms         |
+-------+------+------------------------+
| Index | Name |          Type          |
+-------+------+------------------------+
|   0   | goal | FixedGateCourseCommand |
+-------+------+------------------------+

[INFO] Event Manager:  <EventManager> contains 2 active terms.
+------------------------------------+
| Active Event Terms in Mode: 'reset' |
+----------+-------------------------+
|  Index   | Name                    |
+----------+-------------------------+
|    0     | reset_base              |
|    1     | reset_obstacles         |
|    2     | randomize_light         |
+----------+-------------------------+
+-------------------------------------------------+
|      Active Event Terms in Mode: 'interval'     |
+-------+---------------+-------------------------+
| Index | Name          | Interval time range (s) |
+-------+---------------+-------------------------+
|   0   | move_people   |        (0.0, 0.0)       |
|   1   | move_forklift |        (0.0, 0.0)       |
+-------+---------------+-------------------------+

[INFO] Recorder Manager:  <RecorderManager> contains 0 active terms.
+---------------------+
| Active Recorder Terms |
+-----------+---------+
|   Index   | Name    |
+-----------+---------+
+-----------+---------+

[INFO] Action Manager:  <ActionManager> contains 1 active terms.
+-----------------------------------+
|   Active Action Terms (shape: 4)  |
+--------+------------+-------------+
| Index  | Name       |   Dimension |
+--------+------------+-------------+
|   0    | velocity   |           4 |
+--------+------------+-------------+

[INFO] Observation Manager: <ObservationManager> contains 1 groups.
+---------------------------------------------------------+
| Active Observation Terms in Group: 'policy' (shape: (33,)) |
+-----------+---------------------------------+-----------+
|   Index   | Name                            |   Shape   |
+-----------+---------------------------------+-----------+
|     0     | base_lin_vel                    |    (3,)   |
|     1     | base_ang_vel                    |    (3,)   |
|     2     | projected_gravity               |    (3,)   |
|     3     | base_height                     |    (1,)   |
|     4     | goal                            |    (4,)   |
|     5     | obstacles                       |   (15,)   |
|     6     | last_action                     |    (4,)   |
+-----------+---------------------------------+-----------+

[INFO] Termination Manager:  <TerminationManager> contains 3 active terms.
+---------------------------------+
|     Active Termination Terms    |
+-------+--------------+----------+
| Index | Name         | Time Out |
+-------+--------------+----------+
|   0   | time_out     |   True   |
|   1   | crash_ground |  False   |
|   2   | collision    |  False   |
+-------+--------------+----------+

[INFO] Reward Manager:  <RewardManager> contains 5 active terms.
+---------------------------------+
|       Active Reward Terms       |
+-------+----------------+--------+
| Index | Name           | Weight |
+-------+----------------+--------+
|   0   | navigation     |    1.0 |
|   1   | gate_pass      |   20.0 |
|   2   | course_done    |    5.0 |
|   3   | collision      | -100.0 |
|   4   | success_metric |    1.0 |
+-------+----------------+--------+

[INFO] Curriculum Manager:  <CurriculumManager> contains 1 active terms.
+---------------------------+
|  Active Curriculum Terms  |
+--------+------------------+
| Index  | Name             |
+--------+------------------+
|   0    | obstacle_count   |
+--------+------------------+

[INFO]: Completed setting up the environment...
[sched] latency=4.89 ms, control_dt=10.0 ms -> refresh every 1 step(s) (100 Hz effective command rate)
[percep] latency=0.0 ms -> delay 0 step(s) (act on perception 0.0 ms old)
[nav] FusedSensorNet out_dim=2 vision=cnn loaded: /scratch/agustin/projects/DIMA/XPU-RT/sims/models/warehouse/nav_fused_v12_cnn.pt
[ctrl] actor arch inferred from ckpt: [16, 256, 128, 64, 4]
[ctrl] RL/MLP controller loaded: /scratch/agustin/projects/DIMA/XPU-RT/sims/models/warehouse/rl_controller_velctrl_dr4.pt (moment_scale=0.005)
[yolo] warehouse detector loaded: /scratch/agustin/projects/DIMA/XPU-RT/sims/models/warehouse/yolov8n_gate_person_128x192.pt
[demo] hid 132 roof prims for the overhead view
[demo] overhead K fx=849.3 cx=640.0  pos=[         -8        13.5          13]  quat=[          0       0.707       0.707          -0]
[demo] FIXED iso cam eye=[        -13        -0.5          13] -> center=[         -8        13.5           2] (offset (-5.0, -14.0, 11.0))
[gantt] embedded XPU-RT schedule: /scratch2/agustin/XPU-RT/schedules/scheduled_networks_k1_live_stack_cpsat_profiled.json (333 dispatches, makespan 90.0 ms)
[ep00] seed=1001 outcome=success   gates=4/4 steps=1018 crash_type=-
[SWEEP] ms=0.005 cruise=1.4 walk=0.0 hold=0.0 SUCCESS 1/1 clip=0 ground=0  s1001:succ(4/4,1018,-)
[out] wrote out/v12_crowded_sensor_demo.mp4
[figure] wrote /scratch/agustin/xpurt-dev-sync/results/codesign_feedback/energy_runs/xpu100_s1001/figure_data.npz + 102 frame files  (T=1018 steps, M=113 obstacles, 102 dense moments)
Loading user config located at: '/scratch2/agustin/miniforge3/envs/env_isaaclab/lib/python3.11/site-packages/isaacsim/kit/data/Kit/Isaac-Sim/5.1/user.config.json'
[Info] [carb] Logging to file: /scratch2/agustin/miniforge3/envs/env_isaaclab/lib/python3.11/site-packages/isaacsim/kit/logs/Kit/Isaac-Sim/5.1/kit_20260908_215125.log
2026-09-09T04:51:25Z [306ms] [Warning] [carb.windowing-glfw.plugin] GLFW initialization failed.
2026-09-09T04:51:25Z [306ms] [Warning] [carb] Failed to startup plugin carb.windowing-glfw.plugin (interfaces: [carb::windowing::IGLContext v1.0],[carb::windowing::IWindowing v1.5]) (impl: carb.windowing-glfw.plugin)
2026-09-09T04:51:25Z [348ms] [Warning] [omni.platforminfo.plugin] failed to open the default display.  Can't verify X Server version.

|---------------------------------------------------------------------------------------------|
| Driver Version: 560.35.05     | Graphics API: Vulkan
|=============================================================================================|
| GPU | Name                             | Active | LDA | GPU Memory | Vendor-ID | LUID       |
|     |                                  |        |     |            | Device-ID | UUID       |
|     |                                  |        |     |            | Bus-ID    |            |
|---------------------------------------------------------------------------------------------|
| 0   | NVIDIA TITAN RTX                 | Yes: 0 |     | 24822   MB | 10de      | 0          |
|     |                                  |        |     |            | 1e02      | 61ac89bf.. |
|     |                                  |        |     |            | 41        |            |
|=============================================================================================|
| OS: 24.04.4 LTS (Noble Numbat) ubuntu, Version: 24.04.4, Kernel: 6.8.0-139-generic
| Processor: AMD Ryzen Threadripper PRO 5965WX 24-Cores
| Cores: 24 | Logical Cores: 48
|---------------------------------------------------------------------------------------------|
| Total Memory (MB): 128634 | Free Memory: 70614
| Total Page/Swap (MB): 8191 | Free Page/Swap: 0
|---------------------------------------------------------------------------------------------|
2026-09-09T04:51:26Z [1,284ms] [Warning] [gpu.foundation.plugin] IOMMU is enabled.
2026-09-09T04:51:27Z [2,268ms] [Warning] [carb.windowing-glfw.plugin] GLFW initialization failed.
2026-09-09T04:51:27Z [2,268ms] [Warning] [carb] Failed to startup plugin carb.windowing-glfw.plugin (interfaces: [carb::windowing::IGLContext v1.0],[carb::windowing::IWindowing v1.5]) (impl: carb.windowing-glfw.plugin)
2026-09-09T04:51:27Z [2,287ms] [Warning] [carb.windowing-glfw.plugin] GLFW initialization failed.
2026-09-09T04:51:27Z [2,287ms] [Warning] [carb] Failed to startup plugin carb.windowing-glfw.plugin (interfaces: [carb::windowing::IGLContext v1.0],[carb::windowing::IWindowing v1.5]) (impl: carb.windowing-glfw.plugin)
2026-09-09T04:51:27Z [2,296ms] [Warning] [carb.windowing-glfw.plugin] GLFW initialization failed.
2026-09-09T04:51:27Z [2,296ms] [Warning] [carb] Failed to startup plugin carb.windowing-glfw.plugin (interfaces: [carb::windowing::IGLContext v1.0],[carb::windowing::IWindowing v1.5]) (impl: carb.windowing-glfw.plugin)
2026-09-09T04:51:27Z [2,310ms] [Warning] [carb.windowing-glfw.plugin] GLFW initialization failed.
2026-09-09T04:51:27Z [2,310ms] [Warning] [carb] Failed to startup plugin carb.windowing-glfw.plugin (interfaces: [carb::windowing::IGLContext v1.0],[carb::windowing::IWindowing v1.5]) (impl: carb.windowing-glfw.plugin)
2026-09-09T04:51:27Z [2,311ms] [Warning] [carb.windowing-glfw.plugin] GLFW initialization failed.
2026-09-09T04:51:27Z [2,311ms] [Warning] [carb] Failed to startup plugin carb.windowing-glfw.plugin (interfaces: [carb::windowing::IGLContext v1.0],[carb::windowing::IWindowing v1.5]) (impl: carb.windowing-glfw.plugin)
2026-09-09T04:51:27Z [2,312ms] [Warning] [carb.windowing-glfw.plugin] GLFW initialization failed.
2026-09-09T04:51:27Z [2,312ms] [Warning] [carb] Failed to startup plugin carb.windowing-glfw.plugin (interfaces: [carb::windowing::IGLContext v1.0],[carb::windowing::IWindowing v1.5]) (impl: carb.windowing-glfw.plugin)
2026-09-09T04:51:27Z [2,597ms] [Warning] [omni.log] Source: omni.hydra was already registered.
2026-09-09T04:51:28Z [3,064ms] [Warning] [carb] Acquiring non optional plugin interface which is not listed as dependency: [omni::physx::IPhysxBenchmarks v1.0] (plugin: <default plugin>), by client: omni.physics.physx.plugin. Add it to CARB_PLUGIN_IMPL_DEPS() macro of a client.
2026-09-09T04:51:28Z [3,077ms] [Warning] [omni.isaac.dynamic_control] omni.isaac.dynamic_control is deprecated as of Isaac Sim 4.5. No action is needed from end-users.
2026-09-09T04:51:33Z [8,597ms] [Warning] [pxr.Semantics] pxr.Semantics is deprecated - please use Semantics instead
2026-09-09T04:51:33Z [8,832ms] [Warning] [omni.graph.core.plugin] Found duplicate of category 'Replicator' - was 'Annotators', adding 'Fabric Reader'
2026-09-09T04:51:33Z [8,832ms] [Warning] [omni.graph.core.plugin] Category 'Replicator' not accepted on node type 'omni.replicator.core.FabricReader' in extension 'omni.replicator.core'
2026-09-09T04:51:33Z [8,833ms] [Warning] [omni.replicator.core.scripts.extension] No material configuration file, adding configuration to material settings directly.
[INFO][AppLauncher]: Using device: cuda:0
[INFO][AppLauncher]: Loading experience file: /scratch2/dima/IsaacLab/apps/isaaclab.python.headless.rendering.kit
[sim] dt=0.01 decimation=1 -> control_dt=10.0 ms (100 Hz)
[env] gym.make Isaac-Drone-Warehouse-Gates-Vision-Crazyflie-Play-WithSensors-Coll-v0

[36m===========================================================================================================================================================[0m
[36m[1m[INFO][IsaacLab]: Logging to file: /scratch/agustin/xpurt-dev-sync/results/codesign_feedback/energy_runs/tmp/isaaclab/logs/isaaclab_2026-09-08_21-51-47.log[0m
[36m===========================================================================================================================================================[0m

[33m21:51:47 [simulation_context.py] WARNING: The `enable_external_forces_every_iteration` parameter in the PhysxCfg is set to False. If you are experiencing noisy velocities, consider enabling this flag. You may need to slightly increase the number of velocity iterations (setting it to 1 or 2 rather than 0), together with this flag, to improve the accuracy of velocity updates.[0m
[INFO]: Base environment:
	Environment device    : cuda:0
	Environment seed      : None
	Physics step-size     : 0.01
	Rendering step-size   : 0.01
	Environment step-size : 0.01
[INFO]: Time taken for scene creation : 15.214408 seconds
[INFO]: Scene manager:  <class InteractiveScene>
	Number of environments: 1
	Environment spacing   : 40.0
	Source prim name      : /World/envs/env_0
	Global prim paths     : []
	Replicate physics     : True
[INFO]: Starting the simulation. This may take a few seconds. Please wait...
[INFO]: Time taken for simulation start : 37.087713 seconds
[INFO] Command Manager:  <CommandManager> contains 1 active terms.
+---------------------------------------+
|          Active Command Terms         |
+-------+------+------------------------+
| Index | Name |          Type          |
+-------+------+------------------------+
|   0   | goal | FixedGateCourseCommand |
+-------+------+------------------------+

[INFO] Event Manager:  <EventManager> contains 2 active terms.
+------------------------------------+
| Active Event Terms in Mode: 'reset' |
+----------+-------------------------+
|  Index   | Name                    |
+----------+-------------------------+
|    0     | reset_base              |
|    1     | reset_obstacles         |
|    2     | randomize_light         |
+----------+-------------------------+
+-------------------------------------------------+
|      Active Event Terms in Mode: 'interval'     |
+-------+---------------+-------------------------+
| Index | Name          | Interval time range (s) |
+-------+---------------+-------------------------+
|   0   | move_people   |        (0.0, 0.0)       |
|   1   | move_forklift |        (0.0, 0.0)       |
+-------+---------------+-------------------------+

[INFO] Recorder Manager:  <RecorderManager> contains 0 active terms.
+---------------------+
| Active Recorder Terms |
+-----------+---------+
|   Index   | Name    |
+-----------+---------+
+-----------+---------+

[INFO] Action Manager:  <ActionManager> contains 1 active terms.
+-----------------------------------+
|   Active Action Terms (shape: 4)  |
+--------+------------+-------------+
| Index  | Name       |   Dimension |
+--------+------------+-------------+
|   0    | velocity   |           4 |
+--------+------------+-------------+

[INFO] Observation Manager: <ObservationManager> contains 1 groups.
+---------------------------------------------------------+
| Active Observation Terms in Group: 'policy' (shape: (33,)) |
+-----------+---------------------------------+-----------+
|   Index   | Name                            |   Shape   |
+-----------+---------------------------------+-----------+
|     0     | base_lin_vel                    |    (3,)   |
|     1     | base_ang_vel                    |    (3,)   |
|     2     | projected_gravity               |    (3,)   |
|     3     | base_height                     |    (1,)   |
|     4     | goal                            |    (4,)   |
|     5     | obstacles                       |   (15,)   |
|     6     | last_action                     |    (4,)   |
+-----------+---------------------------------+-----------+

[INFO] Termination Manager:  <TerminationManager> contains 3 active terms.
+---------------------------------+
|     Active Termination Terms    |
+-------+--------------+----------+
| Index | Name         | Time Out |
+-------+--------------+----------+
|   0   | time_out     |   True   |
|   1   | crash_ground |  False   |
|   2   | collision    |  False   |
+-------+--------------+----------+

[INFO] Reward Manager:  <RewardManager> contains 5 active terms.
+---------------------------------+
|       Active Reward Terms       |
+-------+----------------+--------+
| Index | Name           | Weight |
+-------+----------------+--------+
|   0   | navigation     |    1.0 |
|   1   | gate_pass      |   20.0 |
|   2   | course_done    |    5.0 |
|   3   | collision      | -100.0 |
|   4   | success_metric |    1.0 |
+-------+----------------+--------+

[INFO] Curriculum Manager:  <CurriculumManager> contains 1 active terms.
+---------------------------+
|  Active Curriculum Terms  |
+--------+------------------+
| Index  | Name             |
+--------+------------------+
|   0    | obstacle_count   |
+--------+------------------+

[INFO]: Completed setting up the environment...
[sched] latency=4.89 ms, control_dt=10.0 ms -> refresh every 1 step(s) (100 Hz effective command rate)
[percep] latency=0.0 ms -> delay 0 step(s) (act on perception 0.0 ms old)
[nav] FusedSensorNet out_dim=2 vision=cnn loaded: /scratch/agustin/projects/DIMA/XPU-RT/sims/models/warehouse/nav_fused_v12_cnn.pt
[ctrl] actor arch inferred from ckpt: [16, 256, 128, 64, 4]
[ctrl] RL/MLP controller loaded: /scratch/agustin/projects/DIMA/XPU-RT/sims/models/warehouse/rl_controller_velctrl_dr4.pt (moment_scale=0.005)
[yolo] warehouse detector loaded: /scratch/agustin/projects/DIMA/XPU-RT/sims/models/warehouse/yolov8n_gate_person_128x192.pt
[demo] hid 132 roof prims for the overhead view
[demo] overhead K fx=849.3 cx=640.0  pos=[         -8        13.5          13]  quat=[          0       0.707       0.707          -0]
[demo] FIXED iso cam eye=[        -13        -0.5          13] -> center=[         -8        13.5           2] (offset (-5.0, -14.0, 11.0))
[gantt] embedded XPU-RT schedule: /scratch2/agustin/XPU-RT/schedules/scheduled_networks_k1_live_stack_cpsat_profiled.json (333 dispatches, makespan 90.0 ms)
[term] ep00 seed=1002 terms=collision -> crash/clip
[ep00] seed=1002 outcome=crash     gates=3/4 steps=815 crash_type=clip
[SWEEP] ms=0.005 cruise=1.4 walk=0.0 hold=0.0 SUCCESS 0/1 clip=1 ground=0  s1002:cras(3/4,815,clip)
[out] wrote out/v12_crowded_sensor_demo.mp4
[figure] wrote /scratch/agustin/xpurt-dev-sync/results/codesign_feedback/energy_runs/xpu100_s1002/figure_data.npz + 82 frame files  (T=815 steps, M=113 obstacles, 82 dense moments)
